Linker/src/inputereader.cpp: In member function ‘std::map<std::__cxx11::basic_string<char>, char*> InputReader::readSectionsContent(std::vector<SectionsData>*)’:
Linker/src/inputereader.cpp:114:18: warning: comparison of integer expressions of different signedness: ‘int’ and ‘std::vector<SectionsData>::size_type’ {aka ‘long unsigned int’} [-Wsign-compare]
  114 |     for(int i=0;i<secinfo->size();i++){
      |                 ~^~~~~~~~~~~~~~~~
Linker/src/linker.cpp: In member function ‘int Linker::readFiles()’:
Linker/src/linker.cpp:36:1: warning: no return statement in function returning non-void [-Wreturn-type]
   36 | }
      | ^
Linker/src/linker.cpp: In member function ‘void Linker::resolveRelocs()’:
Linker/src/linker.cpp:69:19: warning: unused variable ‘x’ [-Wunused-variable]
   69 |             short x=*addr;
      |                   ^
Linker/src/linker.cpp: In member function ‘int Linker::link()’:
Linker/src/linker.cpp:106:1: warning: control reaches end of non-void function [-Wreturn-type]
  106 | }
      | ^
Linker/src/mainLinker.cpp: In function ‘int main(int, char**)’:
Linker/src/mainLinker.cpp:9:7: warning: unused variable ‘res’ [-Wunused-variable]
    9 |   int res=0;
      |       ^~~
Linker/src/sectiontable.cpp: In lambda function:
Linker/src/sectiontable.cpp:81:21: warning: comparison of integer expressions of different signedness: ‘int’ and ‘unsigned int’ [-Wsign-compare]
   81 |             if(value>p.second->value)value=p.second->value;
      |                ~~~~~^~~~~~~~~~~~~~~~
